// Jest Snapshot v1, https://goo.gl/fbAQLP

exports[`Onboarding Screen should render Layout with all the content 1`] = `
<RCTScrollView
  contentContainerStyle={
    {
      "alignItems": "center",
      "flex": 1,
      "justifyContent": "center",
    }
  }
  style={
    [
      {
        "backgroundColor": "#252732",
        "flexBasis": 0,
        "flexGrow": 1,
        "flexShrink": 1,
        "paddingLeft": "10%",
        "paddingRight": "10%",
      },
    ]
  }
>
  <View>
    <Text
      style={
        [
          {
            "backgroundColor": "#252732",
            "color": "#fff",
            "fontSize": 32,
            "fontWeight": "600",
            "marginBottom": 8,
            "textAlign": "center",
          },
        ]
      }
    >
      Car Wash
    </Text>
    <Text
      style={
        [
          {
            "backgroundColor": "#252732",
            "color": "#D9D9D9",
            "fontSize": 14,
            "marginBottom": 32,
            "textAlign": "center",
          },
        ]
      }
    >
      What you think about giving your car the service that he deserve?
    </Text>
    <View
      style={
        [
          {
            "flexDirection": "row",
            "marginBottom": 32,
          },
        ]
      }
    >
      <View
        isActive={false}
        style={
          [
            {
              "backgroundColor": "#A3A3A3",
              "borderRadius": 100,
              "height": 16,
              "marginLeft": 5,
              "marginRight": 5,
              "width": 16,
            },
          ]
        }
      />
      <View
        isActive={false}
        style={
          [
            {
              "backgroundColor": "#A3A3A3",
              "borderRadius": 100,
              "height": 16,
              "marginLeft": 5,
              "marginRight": 5,
              "width": 16,
            },
          ]
        }
      />
      <View
        isActive={true}
        style={
          [
            {
              "backgroundColor": "#D9D9D9",
              "borderRadius": 100,
              "height": 16,
              "marginLeft": 5,
              "marginRight": 5,
              "width": 32,
            },
          ]
        }
      />
    </View>
    <View
      accessible={true}
      collapsable={false}
      focusable={true}
      onClick={[Function]}
      onResponderGrant={[Function]}
      onResponderMove={[Function]}
      onResponderRelease={[Function]}
      onResponderTerminate={[Function]}
      onResponderTerminationRequest={[Function]}
      onStartShouldSetResponder={[Function]}
      style={
        {
          "alignItems": "center",
          "backgroundColor": "#F24462",
          "borderRadius": 8,
          "height": 50,
          "justifyContent": "center",
          "opacity": 1,
          "width": "100%",
        }
      }
    >
      <Text
        style={
          [
            {
              "color": "#fff",
              "fontSize": 16,
              "fontWeight": "600",
            },
          ]
        }
      >
        Get Started
      </Text>
    </View>
  </View>
</RCTScrollView>
`;
